// Jest Snapshot v1, https://goo.gl/fbAQLP

exports[`renders without crashing 1`] = `
<div
  className="body-cont"
>
  <aside />
  <main>
    <Connect(SearchPanel) />
    <Connect(RestaurantList) />
  </main>
</div>
`;
